[2025-06-23 17:18:24] from=916299504768-1579795063@g.us (group)
command=weather | input=patna

[2025-06-23 17:18:57] from=916299504768-1579795063@g.us (group)
command=weather | input=Girdih

[2025-06-23 17:19:31] from=916299504768-1579795063@g.us (group)
command=weather | input=giridih

[2025-06-23 17:19:53] from=916299504768-1579795063@g.us (group)
command=weather | input=Kolkata

[2025-06-23 17:28:52] from=919523554487@s.whatsapp.net (private)
command=weather | input=kolkata

[2025-06-23 18:39:41] from=916299504768-1579795063@g.us (group)
command=ping | input=good night

[2025-06-23 18:41:25] from=916299504768-1579795063@g.us (group)
command=ping | input=jab Jago tbhi sawera

[2025-06-23 18:46:50] from=916299504768-1579795063@g.us (group)
command=ping | input=test

[2025-06-23 18:49:04] from=916299504768-1579795063@g.us (group)
command=ping | input=test

[2025-06-23 18:50:57] from=916299504768-1579795063@g.us (group)
command=ping | input=test

[2025-06-23 18:54:54] from=916299504768-1579795063@g.us (group)
command=ping | input=test

[2025-06-23 18:58:13] from=916299504768-1579795063@g.us (group)
command=ping | input=all

[2025-06-23 19:05:19] from=916299504768-1579795063@g.us (group)
command=ping | input=test

[2025-06-23 19:08:47] from=916299504768-1579795063@g.us (group)
command=ping | input=all

[2025-06-23 19:42:08] from=916299504768-1579795063@g.us (group)
command=ping | input=all

[2025-06-23 19:42:24] from=916299504768-1579795063@g.us (group)
command=assignroles | input=(none)

[2025-06-23 19:46:59] from=916299504768-1579795063@g.us (group)
command=assignroles | input=(none)

[2025-06-23 19:47:37] from=916299504768-1579795063@g.us (group)
command=myrole | input=(none)

[2025-06-23 19:50:58] from=916299504768-1579795063@g.us (group)
command=myrole | input=(none)

[2025-06-24 20:02:22] from=120363420498141838@g.us (group)
command=ping | input=(none)

[2025-06-24 20:03:16] from=120363420498141838@g.us (group)
command=assignroles | input=(none)

[2025-06-24 20:03:35] from=120363420498141838@g.us (group)
command=myrole | input=(none)

[2025-06-24 20:05:49] from=120363420498141838@g.us (group)
command=assignrole | input=(none)

[2025-06-24 20:06:15] from=120363420498141838@g.us (group)
command=assignroles | input=(none)

[2025-06-24 20:12:56] from=120363420498141838@g.us (group)
command=assignroles | input=(none)

[2025-06-24 20:20:05] from=120363420498141838@g.us (group)
command=assignroles | input=(none)

[2025-06-25 19:21:45] from=120363420498141838@g.us (group)
command=ping | input=(none)

[2025-06-25 19:22:19] from=120363420498141838@g.us (group)
command=ping | input=(none)

[2025-06-25 19:22:45] from=120363420498141838@g.us (group)
command=ping | input=(none)

[2025-06-25 19:26:25] from=120363420498141838@g.us (group)
command=animequote | input=(none)

[2025-06-25 19:27:57] from=120363420498141838@g.us (group)
command=animequote | input=(none)

[2025-06-25 19:29:38] from=120363420498141838@g.us (group)
command=animequote | input=(none)

[2025-06-25 19:30:08] from=120363420498141838@g.us (group)
command=animequote | input=(none)

[2025-06-25 19:30:42] from=120363420498141838@g.us (group)
command=animequote | input=(none)

[2025-06-25 19:33:02] from=120363420498141838@g.us (group)
command=animequote | input=(none)

[2025-06-25 19:33:30] from=120363420498141838@g.us (group)
command=animequote | input=(none)

[2025-06-25 19:35:17] from=120363420498141838@g.us (group)
command=animequote | input=shinchan

[2025-06-25 19:37:05] from=120363420498141838@g.us (group)
command=animequote | input=character naruto

[2025-06-25 19:46:13] from=120363420498141838@g.us (group)
command=animequote | input=(none)

[2025-06-25 19:46:51] from=120363420498141838@g.us (group)
command=animequote | input=naruto

[2025-06-25 19:48:00] from=120363420498141838@g.us (group)
command=animequote | input=naruto

[2025-06-25 19:50:05] from=120363420498141838@g.us (group)
command=animequote | input=naruto

[2025-06-25 19:55:33] from=120363420498141838@g.us (group)
command=animequote | input=naruto

[2025-06-25 19:56:03] from=120363420498141838@g.us (group)
command=animequote | input=naruto

[2025-06-25 19:58:16] from=120363420498141838@g.us (group)
command=animequote | input=naruto

[2025-06-25 20:00:05] from=120363420498141838@g.us (group)
command=animequote | input=naruto

[2025-06-25 20:00:23] from=120363420498141838@g.us (group)
command=animequote | input=(none)

[2025-06-25 20:00:48] from=120363420498141838@g.us (group)
command=animequote | input=Light Yagami

[2025-06-25 20:01:25] from=120363420498141838@g.us (group)
command=animequote | input=character light yagami

[2025-06-25 20:01:44] from=120363420498141838@g.us (group)
command=animequote | input=character pain

[2025-06-25 20:04:09] from=120363420498141838@g.us (group)
command=animequote | input=character saitama

[2025-06-25 20:19:02] from=120363420498141838@g.us (group)
command=help | input=(none)

[2025-06-25 20:41:24] from=120363420498141838@g.us (group)
command=weather | input=patna

[2025-06-25 20:42:14] from=120363420498141838@g.us (group)
command=weather | input=pune

[2025-06-28 19:38:10] from=120363420498141838@g.us (group)
command=help | input=(none)

[2025-06-28 19:38:30] from=120363420498141838@g.us (group)
command=weather | input=patna

[2025-06-28 19:39:07] from=120363420498141838@g.us (group)
command=weather | input=patna

[2025-06-28 19:39:24] from=120363420498141838@g.us (group)
command=ping | input=(none)

[2025-06-28 19:39:42] from=120363420498141838@g.us (group)
command=ping | input=(none)

[2025-06-28 19:46:48] from=120363420498141838@g.us (group)
command=ping | input=(none)

[2025-06-28 19:58:39] from=120363420498141838@g.us (group)
command=ping | input=(none)

[2025-06-28 19:58:39] from=120363420498141838@g.us (group)
command=ping | input=(none)

[2025-06-28 20:06:01] from=120363420498141838@g.us (group)
command=help | input=(none)

[2025-06-28 20:06:01] from=120363420498141838@g.us (group)
command=help | input=(none)

[2025-06-28 20:06:13] from=120363420498141838@g.us (group)
command=weather | input=pune

[2025-06-28 20:06:24] from=120363420498141838@g.us (group)
command=ping | input=(none)

[2025-06-28 20:06:24] from=120363420498141838@g.us (group)
command=ping | input=(none)

[2025-06-28 20:07:09] from=120363420498141838@g.us (group)
command=ping | input=(none)

[2025-06-28 20:07:09] from=120363420498141838@g.us (group)
command=ping | input=(none)

[2025-06-28 20:16:39] from=120363420498141838@g.us (group)
command=ping | input=(none)

[2025-06-28 20:16:39] from=120363420498141838@g.us (group)
command=ping | input=(none)

[2025-06-28 20:21:30] from=120363420498141838@g.us (group)
command=weather | input=pune

[2025-06-28 20:21:30] from=120363420498141838@g.us (group)
command=weather | input=pune

[2025-06-28 20:44:39] from=120363420498141838@g.us (group)
command=weather | input=pune

[2025-06-28 20:44:41] from=120363420498141838@g.us (group)
command=weather | input=pune

[2025-06-28 20:45:10] from=120363420498141838@g.us (group)
command=weather | input=pune

[2025-06-28 20:45:25] from=120363420498141838@g.us (group)
command=ping | input=(none)

[2025-06-28 20:45:51] from=120363420498141838@g.us (group)
command=help | input=(none)

[2025-06-28 20:46:21] from=120363420498141838@g.us (group)
command=animequote | input=(none)

[2025-06-28 22:05:10] from=120363420498141838@g.us (group)
command=help | input=(none)

[2025-06-28 22:05:29] from=120363420498141838@g.us (group)
command=ping | input=(none)

[2025-06-28 22:05:52] from=120363420498141838@g.us (group)
command=animequote | input=(none)

